// Jest Snapshot v1, https://goo.gl/fbAQLP

exports[`renders correctly with defaults 1`] = `
<View
  style={
    Array [
      Object {
        "alignSelf": "stretch",
        "flexBasis": 0,
        "flexGrow": 1,
        "flexShrink": 1,
        "marginBottom": 0,
        "marginLeft": 20,
        "marginRight": 20,
        "marginTop": 20,
      },
      undefined,
    ]
  }
>
  <View
    style={
      Array [
        Object {
          "alignItems": "center",
          "alignSelf": "stretch",
          "flexBasis": 0,
          "flexDirection": "row",
          "flexGrow": 1,
          "flexShrink": 1,
          "justifyContent": "center",
        },
        undefined,
      ]
    }
  >
    <View
      style={
        Array [
          Object {
            "flexBasis": 0,
            "flexGrow": 1,
            "flexShrink": 1,
          },
          undefined,
        ]
      }
    >
      <Text
        accessible={true}
        allowFontScaling={false}
        ellipsizeMode="tail"
        onPress={[Function]}
        style={
          Array [
            Object {
              "color": "#d9d9d9",
              "fontSize": 30,
            },
            undefined,
            Object {
              "fontFamily": "Material Design Icons",
              "fontStyle": "normal",
              "fontWeight": "normal",
            },
          ]
        }
      >
        ïˆ†
      </Text>
    </View>
    <View
      style={
        Array [
          Object {
            "flexBasis": 0,
            "flexGrow": 8,
            "flexShrink": 1,
            "justifyContent": "center",
            "marginBottom": 0,
            "marginLeft": 25,
            "marginRight": 25,
            "marginTop": 0,
          },
          undefined,
        ]
      }
    >
      <View
        onLayout={[Function]}
        style={
          Array [
            Object {
              "backgroundColor": "#d9d9d9",
              "borderRadius": 5,
              "height": 10,
              "width": "100%",
            },
            undefined,
          ]
        }
      />
      <View
        style={
          Object {
            "width": 0,
          }
        }
      >
        <View
          style={
            Array [
              Object {
                "backgroundColor": "#FFC31A",
                "borderRadius": 5,
                "height": 10,
                "marginTop": -10,
                "width": "100%",
              },
              undefined,
            ]
          }
        />
      </View>
    </View>
    <View
      style={
        Array [
          Object {
            "flexBasis": 0,
            "flexGrow": 1,
            "flexShrink": 1,
          },
          undefined,
        ]
      }
    />
  </View>
  <View
    style={
      Array [
        Object {
          "alignItems": "flex-end",
          "flexBasis": 0,
          "flexGrow": 1,
          "flexShrink": 1,
        },
        undefined,
      ]
    }
  />
</View>
`;
